// Jest Snapshot v1, https://goo.gl/fbAQLP

exports[`CircleDiagram should match snapshot circle-diagram 1`] = `
<div
  className="circle-diagram"
>
  <svg
    height={400}
    transform="rotate(-90)"
    width={400}
  >
    <circle
      cx={200}
      cy={200}
      r={195}
      strokeWidth={10}
    />
    <circle
      cx={200}
      cy={200}
      r={195}
      strokeDasharray={1225.2211349000193}
      strokeDashoffset={612.6105674500096}
      strokeWidth={10}
      type="coverage"
    />
  </svg>
  <div
    className="circle-diagram__children-wrapper"
    data-modifiers=""
  />
</div>
`;
