// Jest Snapshot v1, https://goo.gl/fbAQLP

exports[`Card should match snapshot card 1`] = `
<div
  className="card"
>
  <div
    className="panel"
    onClick={[Function]}
  >
    Icon
    <span
      className="card__methods-type"
      data-modifiers=""
    >
      ALL METHODS
    </span>
  </div>
  <div
    className="card__total-methods"
    data-modifiers=""
  >
    2000
  </div>
  <div
    className="panel panel--align--space-between card__info-panel"
    onClick={[Function]}
  >
    <span>
      <span
        className="card__coverage"
        data-modifiers=""
      >
        600
      </span>
      /2000
    </span>
    <span
      className="card__risks"
      data-modifiers=""
    >
      640 risks
    </span>
  </div>
  <div
    className="card__coverage-bar"
    data-modifiers=""
  >
    <span
      className="card__current-build"
      data-modifiers=""
      style={
        Object {
          "width": "40%",
        }
      }
    />
    <span
      className="card__overlapped-coverage"
      data-modifiers=""
      style={
        Object {
          "marginLeft": "35%",
          "width": "5%",
        }
      }
    />
    <span
      className="card__active-scope"
      data-modifiers=""
      style={
        Object {
          "marginLeft": "35%",
          "width": "10%",
        }
      }
    />
  </div>
  <div
    className="panel panel--align--space-between"
    onClick={[Function]}
  >
    <span>
      Covered
    </span>
    <span
      className="card__coverage"
      data-modifiers=""
    >
      30%
    </span>
  </div>
</div>
`;
