// Jest Snapshot v1, https://goo.gl/fbAQLP

exports[`Input Should render a Input 1`] = `
Array [
  <div
    className="input-wrapper"
  >
    <input
      className="input-wrapper__input-element"
      placeholder="enter text..."
      value=""
    />
  </div>,
  <div
    className="input-wrapper input-wrapper--rounded"
  >
    <input
      className="input-wrapper__input-element input-wrapper__input-element--rounded"
      placeholder="enter text..."
      value=""
    />
  </div>,
  <div
    className="input-wrapper input-wrapper--disabled"
  >
    <input
      className="input-wrapper__input-element input-wrapper__input-element--disabled"
      disabled={true}
      placeholder="enter text..."
      value=""
    />
  </div>,
  <div
    className="input-wrapper input-wrapper--success"
  >
    <input
      className="input-wrapper__input-element input-wrapper__input-element--success"
      placeholder="enter text..."
      value=""
    />
  </div>,
  <div
    className="input-wrapper input-wrapper--error"
  >
    <input
      className="input-wrapper__input-element input-wrapper__input-element--error"
      placeholder="enter text..."
      value=""
    />
  </div>,
]
`;
