// Jest Snapshot v1, https://goo.gl/fbAQLP

exports[`should match snapshot 1`] = `
<div
  className="section"
>
  <div
    className="section__header"
    data-modifiers=""
  >
    <h1>
      Main
    </h1>
  </div>
  <div>
    Section
  </div>
  <div
    className="section"
  >
    <div
      className="section__header"
      data-modifiers=""
    >
      <h2>
        Secondary
      </h2>
    </div>
    <span>
      Section
    </span>
  </div>
</div>
`;
