// Jest Snapshot v1, https://goo.gl/fbAQLP

exports[`Tooltip should match snapshot 1`] = `
<Context.Provider
  value=""
>
  <Unknown
    className="tooltip"
    data-modifiers=""
    message={
      <span>
        Tooltip
      </span>
    }
  >
    <div>
      Tooltip
    </div>
  </Unknown>
</Context.Provider>
`;
