// Jest Snapshot v1, https://goo.gl/fbAQLP

exports[`should match snapshot 1`] = `
<div
  className="form-group"
>
  <div
    className="panel panel--align--space-between"
    onClick={[Function]}
  >
    <label
      className="form-group__label"
      data-modifiers=""
    >
      Form
    </label>
    <div>
      <div
        className="panel"
        onClick={[Function]}
      >
        <span
          className="form-group__optional-label"
          data-modifiers=""
        >
          Optional
        </span>
      </div>
    </div>
  </div>
  <div
    className="form-group__input"
    data-modifiers=""
  >
    <input />
  </div>
</div>
`;
