// Jest Snapshot v1, https://goo.gl/fbAQLP

exports[`SelectableTable should match snapshot 1`] = `
<table
  className="table"
>
  <thead
    className="table__header"
  >
    <tr>
      <th
        style={
          Object {
            "width": undefined,
          }
        }
      >
        <div
          className="checkbox checkbox--checked"
          onClick={[Function]}
        >
          <input
            checked={true}
            className="checkbox__checkbox-input checkbox__checkbox-input--checked"
            onBlur={[Function]}
            onChange={[Function]}
            onFocus={[Function]}
            type="checkbox"
            value=""
          />
          <div
            className="checkbox__checkbox-icon-wrapper"
            data-modifiers=""
          >
            <svg
              className="generic-icon checkbox__check-mark-icon"
              data-modifiers=""
              fillRule="evenodd"
              height={7}
              style={
                Object {
                  "WebkitTransform": "rotate(0deg)",
                }
              }
              transform="rotate(0)"
              viewBox="0 0 13 9"
              width={10}
            >
              <path
                d="M.727 3.821a.935.935 0 0 0 .001 1.376l4.294 4.106a.99.99 0 0 0 1.417-.04l6.872-7.358c.38-.408.36-1.045-.038-1.417l.204.19a.982.982 0 0 0-1.398.057L6.42 6.932a.968.968 0 0 1-1.394.038L1.973 4.03a1.068 1.068 0 0 0-1.45-.018l.204-.19z"
              />
            </svg>
          </div>
        </div>
      </th>
      <th
        style={
          Object {
            "width": undefined,
          }
        }
      >
        Name
      </th>
      <th
        style={
          Object {
            "width": undefined,
          }
        }
      >
        Added
      </th>
      <th
        style={
          Object {
            "width": undefined,
          }
        }
      >
        <div>
          Total Methods
        </div>
      </th>
      <th
        style={
          Object {
            "width": undefined,
          }
        }
      >
        <div>
          New
        </div>
      </th>
    </tr>
  </thead>
  <tbody>
    <tr
      className="table__row"
    >
      <td>
        <div
          className="checkbox checkbox--checked"
          onClick={[Function]}
        >
          <input
            checked={true}
            className="checkbox__checkbox-input checkbox__checkbox-input--checked"
            onBlur={[Function]}
            onChange={[Function]}
            onFocus={[Function]}
            type="checkbox"
            value=""
          />
          <div
            className="checkbox__checkbox-icon-wrapper"
            data-modifiers=""
          >
            <svg
              className="generic-icon checkbox__check-mark-icon"
              data-modifiers=""
              fillRule="evenodd"
              height={7}
              style={
                Object {
                  "WebkitTransform": "rotate(0deg)",
                }
              }
              transform="rotate(0)"
              viewBox="0 0 13 9"
              width={10}
            >
              <path
                d="M.727 3.821a.935.935 0 0 0 .001 1.376l4.294 4.106a.99.99 0 0 0 1.417-.04l6.872-7.358c.38-.408.36-1.045-.038-1.417l.204.19a.982.982 0 0 0-1.398.057L6.42 6.932a.968.968 0 0 1-1.394.038L1.973 4.03a1.068 1.068 0 0 0-1.45-.018l.204-.19z"
              />
            </svg>
          </div>
        </div>
      </td>
      <td>
        <div
          onClick={[Function]}
        />
      </td>
      <td>
        <span />
      </td>
      <td />
      <td />
    </tr>
  </tbody>
</table>
`;
