// Jest Snapshot v1, https://goo.gl/fbAQLP

exports[`SortArrows should match snapshot ascending sort-arrows 1`] = `
<div
  className="sort-arrows"
>
  <div
    className="sort-arrows__sort-arrow-wrapper"
    data-modifiers=""
  >
    <svg
      active={true}
      className="generic-icon sort-arrows__sort-arrow sort-arrows__sort-arrow--active"
      data-modifiers=""
      fillRule="evenodd"
      height={10}
      style={
        Object {
          "WebkitTransform": "rotate(180deg)",
        }
      }
      transform="rotate(180)"
      viewBox="0 0 7 10"
      width={7}
    >
      <path
        d="M3.5 10l.01-.001h.033l.03-.006.017-.001.015-.003-.062.01a.5.5 0 0 0 .31-.145l2.95-2.95a.5.5 0 0 0-.707-.707L4 8.295 4 .5a.5.5 0 0 0-1 0l-.001 7.843L.854 6.197a.5.5 0 0 0-.708.707l2.95 2.95a.498.498 0 0 0 .311.144L3.49 10a.51.51 0 0 0 .011 0z"
      />
    </svg>
    <svg
      active={false}
      className="generic-icon sort-arrows__sort-arrow"
      data-modifiers=""
      fillRule="evenodd"
      height={10}
      style={
        Object {
          "WebkitTransform": "rotate(0deg)",
        }
      }
      transform="rotate(0)"
      viewBox="0 0 7 10"
      width={7}
    >
      <path
        d="M3.5 10l.01-.001h.033l.03-.006.017-.001.015-.003-.062.01a.5.5 0 0 0 .31-.145l2.95-2.95a.5.5 0 0 0-.707-.707L4 8.295 4 .5a.5.5 0 0 0-1 0l-.001 7.843L.854 6.197a.5.5 0 0 0-.708.707l2.95 2.95a.498.498 0 0 0 .311.144L3.49 10a.51.51 0 0 0 .011 0z"
      />
    </svg>
  </div>
</div>
`;

exports[`SortArrows should match snapshot descending sort-arrows 1`] = `
<div
  className="sort-arrows"
>
  <div
    className="sort-arrows__sort-arrow-wrapper"
    data-modifiers=""
  >
    <svg
      active={false}
      className="generic-icon sort-arrows__sort-arrow"
      data-modifiers=""
      fillRule="evenodd"
      height={10}
      style={
        Object {
          "WebkitTransform": "rotate(180deg)",
        }
      }
      transform="rotate(180)"
      viewBox="0 0 7 10"
      width={7}
    >
      <path
        d="M3.5 10l.01-.001h.033l.03-.006.017-.001.015-.003-.062.01a.5.5 0 0 0 .31-.145l2.95-2.95a.5.5 0 0 0-.707-.707L4 8.295 4 .5a.5.5 0 0 0-1 0l-.001 7.843L.854 6.197a.5.5 0 0 0-.708.707l2.95 2.95a.498.498 0 0 0 .311.144L3.49 10a.51.51 0 0 0 .011 0z"
      />
    </svg>
    <svg
      active={true}
      className="generic-icon sort-arrows__sort-arrow sort-arrows__sort-arrow--active"
      data-modifiers=""
      fillRule="evenodd"
      height={10}
      style={
        Object {
          "WebkitTransform": "rotate(0deg)",
        }
      }
      transform="rotate(0)"
      viewBox="0 0 7 10"
      width={7}
    >
      <path
        d="M3.5 10l.01-.001h.033l.03-.006.017-.001.015-.003-.062.01a.5.5 0 0 0 .31-.145l2.95-2.95a.5.5 0 0 0-.707-.707L4 8.295 4 .5a.5.5 0 0 0-1 0l-.001 7.843L.854 6.197a.5.5 0 0 0-.708.707l2.95 2.95a.498.498 0 0 0 .311.144L3.49 10a.51.51 0 0 0 .011 0z"
      />
    </svg>
  </div>
</div>
`;
